Run path : ../qpp_mlp_sweep_runs/enim31rb/trial_4
Device   : cuda

Loading q'' data…
  dp00: 62,426 wall pts (after buffer trim)  x=[0.000, 1.135] m  q''=[-32826.1, -291.0] W/m²
  dp01: 31,709 wall pts (after buffer trim)  x=[0.000, 1.135] m  q''=[-6926.1, 8.1] W/m²
  dp02: 47,091 wall pts (after buffer trim)  x=[0.000, 1.135] m  q''=[-6811.2, -46.5] W/m²
  dp03: 19,447 wall pts (after buffer trim)  x=[0.000, 1.134] m  q''=[-10664.3, -33.6] W/m²
  dp04: 119,144 wall pts (after buffer trim)  x=[0.000, 1.135] m  q''=[-69817.5, -296.8] W/m²
  dp05: 10,768 wall pts (after buffer trim)  x=[0.001, 1.135] m  q''=[-28455.9, -844.6] W/m²
  dp06: 9,807 wall pts (after buffer trim)  x=[0.000, 1.135] m  q''=[-25546.0, -816.3] W/m²
  dp07: 64,351 wall pts (after buffer trim)  x=[0.000, 1.135] m  q''=[-11210.5, -58.4] W/m²
  dp08: 129,692 wall pts (after buffer trim)  x=[0.000, 1.135] m  q''=[-86839.3, -106.5] W/m²
  dp09: 81,534 wall pts (after buffer trim)  x=[0.000, 1.135] m  q''=[-23319.5, -635.9] W/m²
  dp10: 52,220 wall pts (after buffer trim)  x=[0.000, 1.135] m  q''=[-64436.0, -167.7] W/m²
  dp11: 7,566 wall pts (after buffer trim)  x=[0.001, 1.134] m  q''=[-18968.8, -861.5] W/m²
  dp12: 23,702 wall pts (after buffer trim)  x=[0.000, 1.135] m  q''=[-9095.2, -187.1] W/m²
  dp13: 29,575 wall pts (after buffer trim)  x=[0.000, 1.135] m  q''=[-14964.2, -152.2] W/m²
  dp14: 19,931 wall pts (after buffer trim)  x=[0.000, 1.135] m  q''=[-22431.6, -694.5] W/m²
  dp15: 18,426 wall pts (after buffer trim)  x=[0.000, 1.135] m  q''=[-26486.4, -1556.6] W/m²
  dp16: 13,919 wall pts (after buffer trim)  x=[0.001, 1.134] m  q''=[-19208.6, -985.6] W/m²
  dp17: 60,230 wall pts (after buffer trim)  x=[0.000, 1.135] m  q''=[-9524.0, -14.1] W/m²
  dp18: 79,174 wall pts (after buffer trim)  x=[0.000, 1.135] m  q''=[-60604.3, -101.8] W/m²
  dp19: 14,734 wall pts (after buffer trim)  x=[0.000, 1.135] m  q''=[-14800.0, -514.6] W/m²
  dp20: 15,827 wall pts (after buffer trim)  x=[0.000, 1.135] m  q''=[-23086.1, -1259.6] W/m²
  dp21: 26,829 wall pts (after buffer trim)  x=[0.000, 1.135] m  q''=[-20763.1, -314.3] W/m²
  dp22: 308,644 wall pts (after buffer trim)  x=[0.000, 1.135] m  q''=[-65488.5, 8.1] W/m²
  dp23: 219,549 wall pts (after buffer trim)  x=[0.000, 1.135] m  q''=[-47294.4, -35.6] W/m²
  dp24: 38,522 wall pts (after buffer trim)  x=[0.000, 1.135] m  q''=[-41632.7, -1259.6] W/m²
  dp25: 38,752 wall pts (after buffer trim)  x=[0.000, 1.135] m  q''=[-26287.0, -148.9] W/m²
  dp26: 35,526 wall pts (after buffer trim)  x=[0.000, 1.135] m  q''=[-65546.9, -281.1] W/m²
  dp27: 31,162 wall pts (after buffer trim)  x=[0.000, 1.135] m  q''=[-18703.5, -153.2] W/m²
  dp28: 111,584 wall pts (after buffer trim)  x=[0.000, 1.135] m  q''=[-17029.5, -104.5] W/m²
  dp29: 109,864 wall pts (after buffer trim)  x=[0.000, 1.135] m  q''=[-47082.8, -324.3] W/m²
  dp30: 18,774 wall pts (after buffer trim)  x=[0.000, 1.135] m  q''=[-38540.8, -1504.1] W/m²
  dp31: 37,131 wall pts (after buffer trim)  x=[0.000, 1.135] m  q''=[-31833.9, -178.4] W/m²
  dp32: 75,607 wall pts (after buffer trim)  x=[0.000, 1.135] m  q''=[-41135.9, -519.8] W/m²
  dp33: 49,424 wall pts (after buffer trim)  x=[0.000, 1.135] m  q''=[-14345.8, -15.5] W/m²
  dp34: 205,948 wall pts (after buffer trim)  x=[0.000, 1.135] m  q''=[-34056.0, -160.3] W/m²
  dp35: 24,855 wall pts (after buffer trim)  x=[0.000, 1.135] m  q''=[-42134.7, -1575.2] W/m²
  dp36: 7,653 wall pts (after buffer trim)  x=[0.001, 1.135] m  q''=[-25439.8, -1463.7] W/m²
  dp37: 57,304 wall pts (after buffer trim)  x=[0.000, 1.135] m  q''=[-31232.4, -673.6] W/m²
  dp38: 109,840 wall pts (after buffer trim)  x=[0.000, 1.135] m  q''=[-32336.2, -47.7] W/m²
  dp39: 16,234 wall pts (after buffer trim)  x=[0.000, 1.135] m  q''=[-15134.9, -508.5] W/m²
  dp40: 225,747 wall pts (after buffer trim)  x=[0.000, 1.135] m  q''=[-31811.6, -108.6] W/m²
  dp41: 58,747 wall pts (after buffer trim)  x=[0.000, 1.135] m  q''=[-60914.7, -113.8] W/m²
  dp42: 33,437 wall pts (after buffer trim)  x=[0.000, 1.135] m  q''=[-36103.0, -195.2] W/m²
  dp43: 27,381 wall pts (after buffer trim)  x=[0.000, 1.135] m  q''=[-48888.2, -393.8] W/m²
  dp44: 9,187 wall pts (after buffer trim)  x=[0.000, 1.135] m  q''=[-18659.1, -886.8] W/m²
  dp45: 10,529 wall pts (after buffer trim)  x=[0.000, 1.135] m  q''=[-11161.5, -300.2] W/m²
  dp46: 23,739 wall pts (after buffer trim)  x=[0.000, 1.135] m  q''=[-12031.8, -98.1] W/m²
  dp47: 44,882 wall pts (after buffer trim)  x=[0.000, 1.135] m  q''=[-56798.4, -883.9] W/m²
  dp48: 45,377 wall pts (after buffer trim)  x=[0.000, 1.135] m  q''=[-29606.8, -222.4] W/m²
  dp49: 39,309 wall pts (after buffer trim)  x=[0.000, 1.135] m  q''=[-65306.2, -378.4] W/m²
  dp50: 40,461 wall pts (after buffer trim)  x=[0.000, 1.135] m  q''=[-57189.4, -301.0] W/m²

Loaded 51 DP(s): ['dp00', 'dp01', 'dp02', 'dp03', 'dp04', 'dp05', 'dp06', 'dp07', 'dp08', 'dp09', 'dp10', 'dp11', 'dp12', 'dp13', 'dp14', 'dp15', 'dp16', 'dp17', 'dp18', 'dp19', 'dp20', 'dp21', 'dp22', 'dp23', 'dp24', 'dp25', 'dp26', 'dp27', 'dp28', 'dp29', 'dp30', 'dp31', 'dp32', 'dp33', 'dp34', 'dp35', 'dp36', 'dp37', 'dp38', 'dp39', 'dp40', 'dp41', 'dp42', 'dp43', 'dp44', 'dp45', 'dp46', 'dp47', 'dp48', 'dp49', 'dp50']
Train DPs (41): ['dp00', 'dp01', 'dp02', 'dp03', 'dp04', 'dp06', 'dp08', 'dp09', 'dp10', 'dp11', 'dp12', 'dp13', 'dp14', 'dp15', 'dp16', 'dp18', 'dp19', 'dp20', 'dp21', 'dp22', 'dp24', 'dp25', 'dp26', 'dp28', 'dp29', 'dp30', 'dp31', 'dp32', 'dp33', 'dp35', 'dp36', 'dp37', 'dp39', 'dp40', 'dp41', 'dp42', 'dp43', 'dp44', 'dp45', 'dp47', 'dp49']
Test  DPs (10):  ['dp05', 'dp07', 'dp17', 'dp23', 'dp27', 'dp34', 'dp38', 'dp46', 'dp48', 'dp50']

Normalisation  (all DPs)
  xy_mean : [0.56728438593704, 0.271392440287681]
  xy_std  : [0.32867840785469876, 0.15956970448579672]
  q'' mean=-6862.47  std=5799.70  W/m²
  Wall sigmoid: s1 mean=0.652 std=0.476  s2 mean=0.315 std=0.464

Total training points : 2,181,846
Total test points     : 811,425

Model : 9→64×3→1   params=9,025
wandb: [wandb.login()] Using explicit session credentials for https://api.wandb.ai.
wandb: Appending key for api.wandb.ai to your netrc file: /home/corbel/.netrc
wandb: Currently logged in as: romain-corbel (romain-corbel-epfl) to https://api.wandb.ai. Use `wandb login --relogin` to force relogin
wandb: WARNING Ignoring project 'QPP_MLP' when running a sweep.
wandb: setting up run oq9c7556
wandb: Tracking run with wandb version 0.27.1
wandb: Run data is saved locally in /scratch/izar/corbel/AI-Driven-Optimization-for-GT-Blade-Cooling/src/wandb/run-20260623_135334-oq9c7556
wandb: Run `wandb offline` to turn off syncing.
wandb: Syncing run trial_4
wandb:  View project at https://wandb.ai/romain-corbel-epfl/QPP_MLP
wandb:  View sweep at https://wandb.ai/romain-corbel-epfl/QPP_MLP/sweeps/enim31rb
wandb:  View run at https://wandb.ai/romain-corbel-epfl/QPP_MLP/runs/oq9c7556
  Sweep override : h=128 l=8 lr=5.94e-04 lr_end=3.46e-04 wd=1.32e-04  params=100,481

Training  (max 1000 epochs, batch=8192, patience=300, min_delta=1e-05, weight_decay=1e-04)
  epoch     1  train_mse_nd=2.5556e-01  test_mse_nd=9.4674e-02  no_improve=0/300  lr=5.93e-04
  epoch     2  train_mse_nd=1.2601e-01  test_mse_nd=7.9859e-02  no_improve=0/300  lr=5.93e-04
  epoch     3  train_mse_nd=1.1385e-01  test_mse_nd=7.6906e-02  no_improve=0/300  lr=5.93e-04
  epoch     4  train_mse_nd=1.1032e-01  test_mse_nd=7.6520e-02  no_improve=0/300  lr=5.92e-04
  epoch     5  train_mse_nd=1.0761e-01  test_mse_nd=7.4193e-02  no_improve=0/300  lr=5.92e-04
  epoch     6  train_mse_nd=1.0513e-01  test_mse_nd=7.3932e-02  no_improve=0/300  lr=5.92e-04
  epoch     7  train_mse_nd=1.0327e-01  test_mse_nd=7.1829e-02  no_improve=0/300  lr=5.91e-04
  epoch     8  train_mse_nd=1.0193e-01  test_mse_nd=7.3211e-02  no_improve=1/300  lr=5.91e-04
  epoch     9  train_mse_nd=1.0049e-01  test_mse_nd=7.1868e-02  no_improve=2/300  lr=5.91e-04
  epoch    10  train_mse_nd=9.9859e-02  test_mse_nd=7.3538e-02  no_improve=3/300  lr=5.90e-04
  epoch    11  train_mse_nd=9.8869e-02  test_mse_nd=7.0564e-02  no_improve=0/300  lr=5.90e-04
  epoch    12  train_mse_nd=9.7464e-02  test_mse_nd=6.9585e-02  no_improve=0/300  lr=5.90e-04
  epoch    13  train_mse_nd=9.6587e-02  test_mse_nd=7.0972e-02  no_improve=1/300  lr=5.89e-04
  epoch    14  train_mse_nd=9.5706e-02  test_mse_nd=6.8429e-02  no_improve=0/300  lr=5.89e-04
  epoch    15  train_mse_nd=9.4851e-02  test_mse_nd=6.8102e-02  no_improve=0/300  lr=5.89e-04
  epoch    16  train_mse_nd=9.3910e-02  test_mse_nd=6.8369e-02  no_improve=1/300  lr=5.88e-04
  epoch    17  train_mse_nd=9.3764e-02  test_mse_nd=6.8278e-02  no_improve=2/300  lr=5.88e-04
  epoch    18  train_mse_nd=9.2955e-02  test_mse_nd=7.0445e-02  no_improve=3/300  lr=5.88e-04
  epoch    19  train_mse_nd=9.2338e-02  test_mse_nd=7.0265e-02  no_improve=4/300  lr=5.88e-04
  epoch    20  train_mse_nd=9.2237e-02  test_mse_nd=6.9313e-02  no_improve=5/300  lr=5.87e-04
  epoch    21  train_mse_nd=9.1734e-02  test_mse_nd=6.9801e-02  no_improve=6/300  lr=5.87e-04
  epoch    22  train_mse_nd=9.1486e-02  test_mse_nd=7.3716e-02  no_improve=7/300  lr=5.87e-04
  epoch    23  train_mse_nd=9.0929e-02  test_mse_nd=7.2482e-02  no_improve=8/300  lr=5.86e-04
  epoch    24  train_mse_nd=9.0653e-02  test_mse_nd=6.9733e-02  no_improve=9/300  lr=5.86e-04
  epoch    25  train_mse_nd=9.0438e-02  test_mse_nd=6.8239e-02  no_improve=10/300  lr=5.86e-04
  epoch    26  train_mse_nd=9.0756e-02  test_mse_nd=7.1229e-02  no_improve=11/300  lr=5.85e-04
  epoch    27  train_mse_nd=9.0125e-02  test_mse_nd=6.8845e-02  no_improve=12/300  lr=5.85e-04
  epoch    28  train_mse_nd=8.9720e-02  test_mse_nd=6.9048e-02  no_improve=13/300  lr=5.85e-04
  epoch    29  train_mse_nd=9.0119e-02  test_mse_nd=6.9531e-02  no_improve=14/300  lr=5.84e-04
  epoch    30  train_mse_nd=8.9666e-02  test_mse_nd=6.9432e-02  no_improve=15/300  lr=5.84e-04
  epoch    31  train_mse_nd=8.9528e-02  test_mse_nd=6.8405e-02  no_improve=16/300  lr=5.84e-04
  epoch    32  train_mse_nd=8.9587e-02  test_mse_nd=7.1004e-02  no_improve=17/300  lr=5.83e-04
  epoch    33  train_mse_nd=8.9194e-02  test_mse_nd=6.7871e-02  no_improve=0/300  lr=5.83e-04
  epoch    34  train_mse_nd=8.9276e-02  test_mse_nd=6.8751e-02  no_improve=1/300  lr=5.83e-04
  epoch    35  train_mse_nd=8.8635e-02  test_mse_nd=6.9148e-02  no_improve=2/300  lr=5.82e-04
  epoch    36  train_mse_nd=8.8911e-02  test_mse_nd=6.8027e-02  no_improve=3/300  lr=5.82e-04
  epoch    37  train_mse_nd=8.8704e-02  test_mse_nd=6.8496e-02  no_improve=4/300  lr=5.82e-04
  epoch    38  train_mse_nd=8.8543e-02  test_mse_nd=6.7423e-02  no_improve=0/300  lr=5.82e-04
  epoch    39  train_mse_nd=8.8795e-02  test_mse_nd=6.9595e-02  no_improve=1/300  lr=5.81e-04
  epoch    40  train_mse_nd=8.8563e-02  test_mse_nd=6.6648e-02  no_improve=0/300  lr=5.81e-04
  epoch    41  train_mse_nd=8.8434e-02  test_mse_nd=7.0433e-02  no_improve=1/300  lr=5.81e-04
  epoch    42  train_mse_nd=8.8382e-02  test_mse_nd=6.7931e-02  no_improve=2/300  lr=5.80e-04
  epoch    43  train_mse_nd=8.8078e-02  test_mse_nd=6.7450e-02  no_improve=3/300  lr=5.80e-04
  epoch    44  train_mse_nd=8.8048e-02  test_mse_nd=6.9763e-02  no_improve=4/300  lr=5.80e-04
  epoch    45  train_mse_nd=8.8239e-02  test_mse_nd=6.8433e-02  no_improve=5/300  lr=5.79e-04
  epoch    46  train_mse_nd=8.7847e-02  test_mse_nd=7.2789e-02  no_improve=6/300  lr=5.79e-04
  epoch    47  train_mse_nd=8.7882e-02  test_mse_nd=7.0584e-02  no_improve=7/300  lr=5.79e-04
  epoch    48  train_mse_nd=8.8161e-02  test_mse_nd=6.7336e-02  no_improve=8/300  lr=5.78e-04
  epoch    49  train_mse_nd=8.7863e-02  test_mse_nd=6.9063e-02  no_improve=9/300  lr=5.78e-04
  epoch    50  train_mse_nd=8.7473e-02  test_mse_nd=6.9185e-02  no_improve=10/300  lr=5.78e-04
  epoch    51  train_mse_nd=8.7704e-02  test_mse_nd=6.7389e-02  no_improve=11/300  lr=5.77e-04
  epoch    52  train_mse_nd=8.7833e-02  test_mse_nd=6.9159e-02  no_improve=12/300  lr=5.77e-04
  epoch    53  train_mse_nd=8.7768e-02  test_mse_nd=6.8103e-02  no_improve=13/300  lr=5.77e-04
  epoch    54  train_mse_nd=8.7291e-02  test_mse_nd=6.8612e-02  no_improve=14/300  lr=5.77e-04
  epoch    55  train_mse_nd=8.7329e-02  test_mse_nd=6.7231e-02  no_improve=15/300  lr=5.76e-04
  epoch    56  train_mse_nd=8.7523e-02  test_mse_nd=6.6813e-02  no_improve=16/300  lr=5.76e-04
  epoch    57  train_mse_nd=8.7243e-02  test_mse_nd=7.0148e-02  no_improve=17/300  lr=5.76e-04
  epoch    58  train_mse_nd=8.7035e-02  test_mse_nd=6.8660e-02  no_improve=18/300  lr=5.75e-04
  epoch    59  train_mse_nd=8.7283e-02  test_mse_nd=6.8477e-02  no_improve=19/300  lr=5.75e-04
  epoch    60  train_mse_nd=8.6845e-02  test_mse_nd=6.7308e-02  no_improve=20/300  lr=5.75e-04
  epoch    61  train_mse_nd=8.6976e-02  test_mse_nd=6.9741e-02  no_improve=21/300  lr=5.74e-04
  epoch    62  train_mse_nd=8.7031e-02  test_mse_nd=6.6722e-02  no_improve=22/300  lr=5.74e-04
  epoch    63  train_mse_nd=8.6996e-02  test_mse_nd=6.9267e-02  no_improve=23/300  lr=5.74e-04
  epoch    64  train_mse_nd=8.6755e-02  test_mse_nd=6.7508e-02  no_improve=24/300  lr=5.73e-04
  epoch    65  train_mse_nd=8.6709e-02  test_mse_nd=6.7040e-02  no_improve=25/300  lr=5.73e-04
  epoch    66  train_mse_nd=8.6990e-02  test_mse_nd=6.9757e-02  no_improve=26/300  lr=5.73e-04
  epoch    67  train_mse_nd=8.6690e-02  test_mse_nd=6.6689e-02  no_improve=27/300  lr=5.73e-04
  epoch    68  train_mse_nd=8.6537e-02  test_mse_nd=6.5787e-02  no_improve=0/300  lr=5.72e-04
  epoch    69  train_mse_nd=8.6897e-02  test_mse_nd=6.9597e-02  no_improve=1/300  lr=5.72e-04
  epoch    70  train_mse_nd=8.6679e-02  test_mse_nd=6.7719e-02  no_improve=2/300  lr=5.72e-04
  epoch    71  train_mse_nd=8.6550e-02  test_mse_nd=6.8186e-02  no_improve=3/300  lr=5.71e-04
  epoch    72  train_mse_nd=8.6494e-02  test_mse_nd=6.6948e-02  no_improve=4/300  lr=5.71e-04
  epoch    73  train_mse_nd=8.6403e-02  test_mse_nd=6.8196e-02  no_improve=5/300  lr=5.71e-04
  epoch    74  train_mse_nd=8.6600e-02  test_mse_nd=6.7582e-02  no_improve=6/300  lr=5.70e-04
  epoch    75  train_mse_nd=8.6317e-02  test_mse_nd=6.7709e-02  no_improve=7/300  lr=5.70e-04
  epoch    76  train_mse_nd=8.6678e-02  test_mse_nd=6.7666e-02  no_improve=8/300  lr=5.70e-04
  epoch    77  train_mse_nd=8.6231e-02  test_mse_nd=6.6205e-02  no_improve=9/300  lr=5.69e-04
  epoch    78  train_mse_nd=8.6266e-02  test_mse_nd=6.7810e-02  no_improve=10/300  lr=5.69e-04
  epoch    79  train_mse_nd=8.5987e-02  test_mse_nd=6.9332e-02  no_improve=11/300  lr=5.69e-04
  epoch    80  train_mse_nd=8.6343e-02  test_mse_nd=6.8246e-02  no_improve=12/300  lr=5.69e-04
  epoch    81  train_mse_nd=8.6055e-02  test_mse_nd=6.7379e-02  no_improve=13/300  lr=5.68e-04
  epoch    82  train_mse_nd=8.6108e-02  test_mse_nd=6.7218e-02  no_improve=14/300  lr=5.68e-04
  epoch    83  train_mse_nd=8.6026e-02  test_mse_nd=6.9231e-02  no_improve=15/300  lr=5.68e-04
  epoch    84  train_mse_nd=8.5969e-02  test_mse_nd=6.8540e-02  no_improve=16/300  lr=5.67e-04
  epoch    85  train_mse_nd=8.5775e-02  test_mse_nd=6.8614e-02  no_improve=17/300  lr=5.67e-04
  epoch    86  train_mse_nd=8.5971e-02  test_mse_nd=6.9430e-02  no_improve=18/300  lr=5.67e-04
  epoch    87  train_mse_nd=8.5828e-02  test_mse_nd=6.8567e-02  no_improve=19/300  lr=5.66e-04
  epoch    88  train_mse_nd=8.5585e-02  test_mse_nd=6.7646e-02  no_improve=20/300  lr=5.66e-04
  epoch    89  train_mse_nd=8.5688e-02  test_mse_nd=6.6439e-02  no_improve=21/300  lr=5.66e-04
  epoch    90  train_mse_nd=8.5812e-02  test_mse_nd=6.6109e-02  no_improve=22/300  lr=5.65e-04
  epoch    91  train_mse_nd=8.5678e-02  test_mse_nd=6.6659e-02  no_improve=23/300  lr=5.65e-04
  epoch    92  train_mse_nd=8.5771e-02  test_mse_nd=6.7396e-02  no_improve=24/300  lr=5.65e-04
  epoch    93  train_mse_nd=8.5874e-02  test_mse_nd=6.7147e-02  no_improve=25/300  lr=5.65e-04
  epoch    94  train_mse_nd=8.5433e-02  test_mse_nd=6.6353e-02  no_improve=26/300  lr=5.64e-04
  epoch    95  train_mse_nd=8.5552e-02  test_mse_nd=6.8545e-02  no_improve=27/300  lr=5.64e-04
  epoch    96  train_mse_nd=8.5508e-02  test_mse_nd=6.7547e-02  no_improve=28/300  lr=5.64e-04
  epoch    97  train_mse_nd=8.5144e-02  test_mse_nd=6.7599e-02  no_improve=29/300  lr=5.63e-04
  epoch    98  train_mse_nd=8.5289e-02  test_mse_nd=6.6749e-02  no_improve=30/300  lr=5.63e-04
  epoch    99  train_mse_nd=8.5501e-02  test_mse_nd=6.7667e-02  no_improve=31/300  lr=5.63e-04
  epoch   100  train_mse_nd=8.5230e-02  test_mse_nd=6.6034e-02  no_improve=32/300  lr=5.62e-04
  epoch   101  train_mse_nd=8.5502e-02  test_mse_nd=6.6985e-02  no_improve=33/300  lr=5.62e-04
  epoch   102  train_mse_nd=8.5264e-02  test_mse_nd=6.7985e-02  no_improve=34/300  lr=5.62e-04
  epoch   103  train_mse_nd=8.5149e-02  test_mse_nd=6.8498e-02  no_improve=35/300  lr=5.62e-04
  epoch   104  train_mse_nd=8.5487e-02  test_mse_nd=6.7813e-02  no_improve=36/300  lr=5.61e-04
  epoch   105  train_mse_nd=8.5047e-02  test_mse_nd=6.6800e-02  no_improve=37/300  lr=5.61e-04
  epoch   106  train_mse_nd=8.5183e-02  test_mse_nd=6.6953e-02  no_improve=38/300  lr=5.61e-04
  epoch   107  train_mse_nd=8.4946e-02  test_mse_nd=6.7184e-02  no_improve=39/300  lr=5.60e-04
  epoch   108  train_mse_nd=8.5237e-02  test_mse_nd=6.8251e-02  no_improve=40/300  lr=5.60e-04
  epoch   109  train_mse_nd=8.5099e-02  test_mse_nd=6.9217e-02  no_improve=41/300  lr=5.60e-04
  epoch   110  train_mse_nd=8.4781e-02  test_mse_nd=6.7778e-02  no_improve=42/300  lr=5.59e-04
  epoch   111  train_mse_nd=8.4826e-02  test_mse_nd=6.8528e-02  no_improve=43/300  lr=5.59e-04
  epoch   112  train_mse_nd=8.4858e-02  test_mse_nd=6.6287e-02  no_improve=44/300  lr=5.59e-04
  epoch   113  train_mse_nd=8.5275e-02  test_mse_nd=6.7844e-02  no_improve=45/300  lr=5.58e-04
  epoch   114  train_mse_nd=8.4808e-02  test_mse_nd=6.8490e-02  no_improve=46/300  lr=5.58e-04
  epoch   115  train_mse_nd=8.5281e-02  test_mse_nd=6.8813e-02  no_improve=47/300  lr=5.58e-04
  epoch   116  train_mse_nd=8.5013e-02  test_mse_nd=6.8617e-02  no_improve=48/300  lr=5.58e-04
  epoch   117  train_mse_nd=8.5276e-02  test_mse_nd=6.7943e-02  no_improve=49/300  lr=5.57e-04
  epoch   118  train_mse_nd=8.4652e-02  test_mse_nd=6.8083e-02  no_improve=50/300  lr=5.57e-04
  epoch   119  train_mse_nd=8.4718e-02  test_mse_nd=6.7762e-02  no_improve=51/300  lr=5.57e-04
  epoch   120  train_mse_nd=8.4738e-02  test_mse_nd=6.5362e-02  no_improve=0/300  lr=5.56e-04
  epoch   121  train_mse_nd=8.4908e-02  test_mse_nd=6.6315e-02  no_improve=1/300  lr=5.56e-04
  epoch   122  train_mse_nd=8.4859e-02  test_mse_nd=6.7510e-02  no_improve=2/300  lr=5.56e-04
  epoch   123  train_mse_nd=8.4832e-02  test_mse_nd=6.8442e-02  no_improve=3/300  lr=5.55e-04
  epoch   124  train_mse_nd=8.4725e-02  test_mse_nd=6.7580e-02  no_improve=4/300  lr=5.55e-04
  epoch   125  train_mse_nd=8.4484e-02  test_mse_nd=6.6795e-02  no_improve=5/300  lr=5.55e-04
  epoch   126  train_mse_nd=8.4902e-02  test_mse_nd=7.0447e-02  no_improve=6/300  lr=5.55e-04
  epoch   127  train_mse_nd=8.4713e-02  test_mse_nd=6.8816e-02  no_improve=7/300  lr=5.54e-04
  epoch   128  train_mse_nd=8.4604e-02  test_mse_nd=6.7588e-02  no_improve=8/300  lr=5.54e-04
  epoch   129  train_mse_nd=8.4685e-02  test_mse_nd=6.7721e-02  no_improve=9/300  lr=5.54e-04
  epoch   130  train_mse_nd=8.4552e-02  test_mse_nd=6.8600e-02  no_improve=10/300  lr=5.53e-04
  epoch   131  train_mse_nd=8.4782e-02  test_mse_nd=6.8021e-02  no_improve=11/300  lr=5.53e-04
  epoch   132  train_mse_nd=8.4515e-02  test_mse_nd=6.8244e-02  no_improve=12/300  lr=5.53e-04
  epoch   133  train_mse_nd=8.4689e-02  test_mse_nd=6.5983e-02  no_improve=13/300  lr=5.53e-04
  epoch   134  train_mse_nd=8.4513e-02  test_mse_nd=6.4894e-02  no_improve=0/300  lr=5.52e-04
  epoch   135  train_mse_nd=8.4218e-02  test_mse_nd=6.5560e-02  no_improve=1/300  lr=5.52e-04
  epoch   136  train_mse_nd=8.4498e-02  test_mse_nd=6.6318e-02  no_improve=2/300  lr=5.52e-04
  epoch   137  train_mse_nd=8.4674e-02  test_mse_nd=6.5860e-02  no_improve=3/300  lr=5.51e-04
  epoch   138  train_mse_nd=8.4340e-02  test_mse_nd=6.7545e-02  no_improve=4/300  lr=5.51e-04
  epoch   139  train_mse_nd=8.4368e-02  test_mse_nd=6.9197e-02  no_improve=5/300  lr=5.51e-04
  epoch   140  train_mse_nd=8.4512e-02  test_mse_nd=6.7112e-02  no_improve=6/300  lr=5.50e-04
  epoch   141  train_mse_nd=8.4312e-02  test_mse_nd=6.8027e-02  no_improve=7/300  lr=5.50e-04
  epoch   142  train_mse_nd=8.4278e-02  test_mse_nd=6.7274e-02  no_improve=8/300  lr=5.50e-04
  epoch   143  train_mse_nd=8.4360e-02  test_mse_nd=6.7885e-02  no_improve=9/300  lr=5.50e-04
  epoch   144  train_mse_nd=8.4243e-02  test_mse_nd=6.5376e-02  no_improve=10/300  lr=5.49e-04
  epoch   145  train_mse_nd=8.4583e-02  test_mse_nd=6.6523e-02  no_improve=11/300  lr=5.49e-04
  epoch   146  train_mse_nd=8.4431e-02  test_mse_nd=6.5647e-02  no_improve=12/300  lr=5.49e-04
  epoch   147  train_mse_nd=8.4446e-02  test_mse_nd=6.9565e-02  no_improve=13/300  lr=5.48e-04
  epoch   148  train_mse_nd=8.4170e-02  test_mse_nd=6.7207e-02  no_improve=14/300  lr=5.48e-04
  epoch   149  train_mse_nd=8.4319e-02  test_mse_nd=6.6220e-02  no_improve=15/300  lr=5.48e-04
  epoch   150  train_mse_nd=8.4275e-02  test_mse_nd=6.8215e-02  no_improve=16/300  lr=5.47e-04
  epoch   151  train_mse_nd=8.4151e-02  test_mse_nd=6.5579e-02  no_improve=17/300  lr=5.47e-04
  epoch   152  train_mse_nd=8.3960e-02  test_mse_nd=6.7818e-02  no_improve=18/300  lr=5.47e-04
  epoch   153  train_mse_nd=8.4443e-02  test_mse_nd=6.6832e-02  no_improve=19/300  lr=5.47e-04
  epoch   154  train_mse_nd=8.4100e-02  test_mse_nd=6.7357e-02  no_improve=20/300  lr=5.46e-04
  epoch   155  train_mse_nd=8.4422e-02  test_mse_nd=6.6297e-02  no_improve=21/300  lr=5.46e-04
  epoch   156  train_mse_nd=8.4228e-02  test_mse_nd=6.6812e-02  no_improve=22/300  lr=5.46e-04
  epoch   157  train_mse_nd=8.3990e-02  test_mse_nd=6.7099e-02  no_improve=23/300  lr=5.45e-04
  epoch   158  train_mse_nd=8.4236e-02  test_mse_nd=6.7434e-02  no_improve=24/300  lr=5.45e-04
  epoch   159  train_mse_nd=8.4084e-02  test_mse_nd=6.6001e-02  no_improve=25/300  lr=5.45e-04
  epoch   160  train_mse_nd=8.3990e-02  test_mse_nd=6.9791e-02  no_improve=26/300  lr=5.45e-04
  epoch   161  train_mse_nd=8.4085e-02  test_mse_nd=6.6809e-02  no_improve=27/300  lr=5.44e-04
  epoch   162  train_mse_nd=8.4298e-02  test_mse_nd=6.6901e-02  no_improve=28/300  lr=5.44e-04
  epoch   163  train_mse_nd=8.3936e-02  test_mse_nd=6.7400e-02  no_improve=29/300  lr=5.44e-04
  epoch   164  train_mse_nd=8.4027e-02  test_mse_nd=6.6738e-02  no_improve=30/300  lr=5.43e-04
  epoch   165  train_mse_nd=8.4193e-02  test_mse_nd=6.9689e-02  no_improve=31/300  lr=5.43e-04
  epoch   166  train_mse_nd=8.3886e-02  test_mse_nd=6.7421e-02  no_improve=32/300  lr=5.43e-04
  epoch   167  train_mse_nd=8.4065e-02  test_mse_nd=6.8773e-02  no_improve=33/300  lr=5.42e-04
  epoch   168  train_mse_nd=8.3763e-02  test_mse_nd=6.6787e-02  no_improve=34/300  lr=5.42e-04
  epoch   169  train_mse_nd=8.3890e-02  test_mse_nd=6.7950e-02  no_improve=35/300  lr=5.42e-04
  epoch   170  train_mse_nd=8.3902e-02  test_mse_nd=6.8464e-02  no_improve=36/300  lr=5.42e-04
  epoch   171  train_mse_nd=8.3740e-02  test_mse_nd=6.7202e-02  no_improve=37/300  lr=5.41e-04
  epoch   172  train_mse_nd=8.4112e-02  test_mse_nd=6.6917e-02  no_improve=38/300  lr=5.41e-04
  epoch   173  train_mse_nd=8.3811e-02  test_mse_nd=6.8447e-02  no_improve=39/300  lr=5.41e-04
  epoch   174  train_mse_nd=8.4081e-02  test_mse_nd=6.6625e-02  no_improve=40/300  lr=5.40e-04
  epoch   175  train_mse_nd=8.3825e-02  test_mse_nd=6.7426e-02  no_improve=41/300  lr=5.40e-04
  epoch   176  train_mse_nd=8.3804e-02  test_mse_nd=6.7996e-02  no_improve=42/300  lr=5.40e-04
  epoch   177  train_mse_nd=8.4030e-02  test_mse_nd=6.7373e-02  no_improve=43/300  lr=5.40e-04
  epoch   178  train_mse_nd=8.3850e-02  test_mse_nd=6.8124e-02  no_improve=44/300  lr=5.39e-04
  epoch   179  train_mse_nd=8.3865e-02  test_mse_nd=6.6773e-02  no_improve=45/300  lr=5.39e-04
  epoch   180  train_mse_nd=8.3671e-02  test_mse_nd=6.7229e-02  no_improve=46/300  lr=5.39e-04
  epoch   181  train_mse_nd=8.3875e-02  test_mse_nd=6.8979e-02  no_improve=47/300  lr=5.38e-04
  epoch   182  train_mse_nd=8.3953e-02  test_mse_nd=6.6184e-02  no_improve=48/300  lr=5.38e-04
  epoch   183  train_mse_nd=8.3847e-02  test_mse_nd=6.6558e-02  no_improve=49/300  lr=5.38e-04
  epoch   184  train_mse_nd=8.4032e-02  test_mse_nd=6.5456e-02  no_improve=50/300  lr=5.38e-04
  epoch   185  train_mse_nd=8.3699e-02  test_mse_nd=6.6556e-02  no_improve=51/300  lr=5.37e-04
  epoch   186  train_mse_nd=8.3852e-02  test_mse_nd=6.6857e-02  no_improve=52/300  lr=5.37e-04
  epoch   187  train_mse_nd=8.3609e-02  test_mse_nd=6.7574e-02  no_improve=53/300  lr=5.37e-04
  epoch   188  train_mse_nd=8.3758e-02  test_mse_nd=6.6713e-02  no_improve=54/300  lr=5.36e-04
  epoch   189  train_mse_nd=8.3752e-02  test_mse_nd=6.7711e-02  no_improve=55/300  lr=5.36e-04
  epoch   190  train_mse_nd=8.3549e-02  test_mse_nd=6.5756e-02  no_improve=56/300  lr=5.36e-04
  epoch   191  train_mse_nd=8.3733e-02  test_mse_nd=6.7312e-02  no_improve=57/300  lr=5.35e-04
  epoch   192  train_mse_nd=8.3753e-02  test_mse_nd=6.6752e-02  no_improve=58/300  lr=5.35e-04
  epoch   193  train_mse_nd=8.3586e-02  test_mse_nd=6.7397e-02  no_improve=59/300  lr=5.35e-04
  epoch   194  train_mse_nd=8.3603e-02  test_mse_nd=6.5606e-02  no_improve=60/300  lr=5.35e-04
  epoch   195  train_mse_nd=8.3606e-02  test_mse_nd=6.5745e-02  no_improve=61/300  lr=5.34e-04
  epoch   196  train_mse_nd=8.3588e-02  test_mse_nd=6.7619e-02  no_improve=62/300  lr=5.34e-04
  epoch   197  train_mse_nd=8.3691e-02  test_mse_nd=6.7330e-02  no_improve=63/300  lr=5.34e-04
  epoch   198  train_mse_nd=8.3595e-02  test_mse_nd=7.1145e-02  no_improve=64/300  lr=5.33e-04
  epoch   199  train_mse_nd=8.3665e-02  test_mse_nd=6.7862e-02  no_improve=65/300  lr=5.33e-04
  epoch   200  train_mse_nd=8.3486e-02  test_mse_nd=6.6556e-02  no_improve=66/300  lr=5.33e-04
  epoch   201  train_mse_nd=8.3492e-02  test_mse_nd=6.7225e-02  no_improve=67/300  lr=5.33e-04
  epoch   202  train_mse_nd=8.3783e-02  test_mse_nd=6.8344e-02  no_improve=68/300  lr=5.32e-04
  epoch   203  train_mse_nd=8.3391e-02  test_mse_nd=6.6101e-02  no_improve=69/300  lr=5.32e-04
  epoch   204  train_mse_nd=8.3525e-02  test_mse_nd=6.7596e-02  no_improve=70/300  lr=5.32e-04
  epoch   205  train_mse_nd=8.3522e-02  test_mse_nd=6.8445e-02  no_improve=71/300  lr=5.31e-04
  epoch   206  train_mse_nd=8.3437e-02  test_mse_nd=6.7368e-02  no_improve=72/300  lr=5.31e-04
  epoch   207  train_mse_nd=8.3513e-02  test_mse_nd=6.7529e-02  no_improve=73/300  lr=5.31e-04
  epoch   208  train_mse_nd=8.3486e-02  test_mse_nd=6.9400e-02  no_improve=74/300  lr=5.31e-04
  epoch   209  train_mse_nd=8.3332e-02  test_mse_nd=6.7176e-02  no_improve=75/300  lr=5.30e-04
  epoch   210  train_mse_nd=8.3372e-02  test_mse_nd=6.9691e-02  no_improve=76/300  lr=5.30e-04
  epoch   211  train_mse_nd=8.3556e-02  test_mse_nd=6.7872e-02  no_improve=77/300  lr=5.30e-04
  epoch   212  train_mse_nd=8.3488e-02  test_mse_nd=6.7655e-02  no_improve=78/300  lr=5.29e-04
  epoch   213  train_mse_nd=8.3466e-02  test_mse_nd=6.8938e-02  no_improve=79/300  lr=5.29e-04
  epoch   214  train_mse_nd=8.3421e-02  test_mse_nd=7.0243e-02  no_improve=80/300  lr=5.29e-04
  epoch   215  train_mse_nd=8.3338e-02  test_mse_nd=6.7736e-02  no_improve=81/300  lr=5.29e-04
  epoch   216  train_mse_nd=8.3418e-02  test_mse_nd=6.8948e-02  no_improve=82/300  lr=5.28e-04
  epoch   217  train_mse_nd=8.3396e-02  test_mse_nd=6.6366e-02  no_improve=83/300  lr=5.28e-04
  epoch   218  train_mse_nd=8.3250e-02  test_mse_nd=6.7832e-02  no_improve=84/300  lr=5.28e-04
  epoch   219  train_mse_nd=8.3383e-02  test_mse_nd=6.8263e-02  no_improve=85/300  lr=5.27e-04
  epoch   220  train_mse_nd=8.3542e-02  test_mse_nd=6.6814e-02  no_improve=86/300  lr=5.27e-04
  epoch   221  train_mse_nd=8.3391e-02  test_mse_nd=6.5618e-02  no_improve=87/300  lr=5.27e-04
  epoch   222  train_mse_nd=8.3336e-02  test_mse_nd=6.6292e-02  no_improve=88/300  lr=5.27e-04
  epoch   223  train_mse_nd=8.3506e-02  test_mse_nd=6.8860e-02  no_improve=89/300  lr=5.26e-04
  epoch   224  train_mse_nd=8.3186e-02  test_mse_nd=6.8198e-02  no_improve=90/300  lr=5.26e-04
  epoch   225  train_mse_nd=8.3215e-02  test_mse_nd=6.6402e-02  no_improve=91/300  lr=5.26e-04
  epoch   226  train_mse_nd=8.3140e-02  test_mse_nd=6.7937e-02  no_improve=92/300  lr=5.25e-04
  epoch   227  train_mse_nd=8.3136e-02  test_mse_nd=6.7486e-02  no_improve=93/300  lr=5.25e-04
  epoch   228  train_mse_nd=8.3296e-02  test_mse_nd=6.6564e-02  no_improve=94/300  lr=5.25e-04
  epoch   229  train_mse_nd=8.3182e-02  test_mse_nd=6.6550e-02  no_improve=95/300  lr=5.25e-04
  epoch   230  train_mse_nd=8.3417e-02  test_mse_nd=6.9282e-02  no_improve=96/300  lr=5.24e-04
  epoch   231  train_mse_nd=8.3486e-02  test_mse_nd=6.6688e-02  no_improve=97/300  lr=5.24e-04
  epoch   232  train_mse_nd=8.3092e-02  test_mse_nd=6.5483e-02  no_improve=98/300  lr=5.24e-04
  epoch   233  train_mse_nd=8.3393e-02  test_mse_nd=6.7958e-02  no_improve=99/300  lr=5.24e-04
  epoch   234  train_mse_nd=8.3329e-02  test_mse_nd=6.7801e-02  no_improve=100/300  lr=5.23e-04
  epoch   235  train_mse_nd=8.3263e-02  test_mse_nd=6.8475e-02  no_improve=101/300  lr=5.23e-04
  epoch   236  train_mse_nd=8.3202e-02  test_mse_nd=6.6024e-02  no_improve=102/300  lr=5.23e-04
  epoch   237  train_mse_nd=8.3014e-02  test_mse_nd=6.8415e-02  no_improve=103/300  lr=5.22e-04
  epoch   238  train_mse_nd=8.3563e-02  test_mse_nd=6.7726e-02  no_improve=104/300  lr=5.22e-04
  epoch   239  train_mse_nd=8.3136e-02  test_mse_nd=6.7609e-02  no_improve=105/300  lr=5.22e-04
  epoch   240  train_mse_nd=8.3350e-02  test_mse_nd=6.9117e-02  no_improve=106/300  lr=5.22e-04
  epoch   241  train_mse_nd=8.3133e-02  test_mse_nd=6.7979e-02  no_improve=107/300  lr=5.21e-04
  epoch   242  train_mse_nd=8.3374e-02  test_mse_nd=6.7179e-02  no_improve=108/300  lr=5.21e-04
  epoch   243  train_mse_nd=8.3355e-02  test_mse_nd=6.8569e-02  no_improve=109/300  lr=5.21e-04
  epoch   244  train_mse_nd=8.2954e-02  test_mse_nd=6.6627e-02  no_improve=110/300  lr=5.20e-04
  epoch   245  train_mse_nd=8.2946e-02  test_mse_nd=6.5418e-02  no_improve=111/300  lr=5.20e-04
  epoch   246  train_mse_nd=8.2901e-02  test_mse_nd=6.7354e-02  no_improve=112/300  lr=5.20e-04
  epoch   247  train_mse_nd=8.3029e-02  test_mse_nd=6.6955e-02  no_improve=113/300  lr=5.20e-04
  epoch   248  train_mse_nd=8.3364e-02  test_mse_nd=6.8175e-02  no_improve=114/300  lr=5.19e-04
  epoch   249  train_mse_nd=8.3018e-02  test_mse_nd=6.6648e-02  no_improve=115/300  lr=5.19e-04
  epoch   250  train_mse_nd=8.2948e-02  test_mse_nd=6.8825e-02  no_improve=116/300  lr=5.19e-04
  epoch   251  train_mse_nd=8.2845e-02  test_mse_nd=6.7346e-02  no_improve=117/300  lr=5.18e-04
  epoch   252  train_mse_nd=8.3128e-02  test_mse_nd=6.5994e-02  no_improve=118/300  lr=5.18e-04
  epoch   253  train_mse_nd=8.2850e-02  test_mse_nd=6.7221e-02  no_improve=119/300  lr=5.18e-04
  epoch   254  train_mse_nd=8.3180e-02  test_mse_nd=6.6206e-02  no_improve=120/300  lr=5.18e-04
  epoch   255  train_mse_nd=8.2921e-02  test_mse_nd=6.6550e-02  no_improve=121/300  lr=5.17e-04
  epoch   256  train_mse_nd=8.3008e-02  test_mse_nd=6.6895e-02  no_improve=122/300  lr=5.17e-04
  epoch   257  train_mse_nd=8.2884e-02  test_mse_nd=6.9450e-02  no_improve=123/300  lr=5.17e-04
  epoch   258  train_mse_nd=8.3205e-02  test_mse_nd=6.6658e-02  no_improve=124/300  lr=5.16e-04
  epoch   259  train_mse_nd=8.2954e-02  test_mse_nd=6.6346e-02  no_improve=125/300  lr=5.16e-04
  epoch   260  train_mse_nd=8.2868e-02  test_mse_nd=6.8076e-02  no_improve=126/300  lr=5.16e-04
  epoch   261  train_mse_nd=8.3139e-02  test_mse_nd=6.6387e-02  no_improve=127/300  lr=5.16e-04
  epoch   262  train_mse_nd=8.2941e-02  test_mse_nd=6.9826e-02  no_improve=128/300  lr=5.15e-04
  epoch   263  train_mse_nd=8.3157e-02  test_mse_nd=6.8781e-02  no_improve=129/300  lr=5.15e-04
  epoch   264  train_mse_nd=8.3082e-02  test_mse_nd=6.7657e-02  no_improve=130/300  lr=5.15e-04
  epoch   265  train_mse_nd=8.3107e-02  test_mse_nd=6.8944e-02  no_improve=131/300  lr=5.15e-04
  epoch   266  train_mse_nd=8.3160e-02  test_mse_nd=6.7632e-02  no_improve=132/300  lr=5.14e-04
  epoch   267  train_mse_nd=8.2817e-02  test_mse_nd=6.6862e-02  no_improve=133/300  lr=5.14e-04
  epoch   268  train_mse_nd=8.2842e-02  test_mse_nd=6.8342e-02  no_improve=134/300  lr=5.14e-04
  epoch   269  train_mse_nd=8.3018e-02  test_mse_nd=6.8514e-02  no_improve=135/300  lr=5.13e-04
  epoch   270  train_mse_nd=8.2845e-02  test_mse_nd=6.7882e-02  no_improve=136/300  lr=5.13e-04
  epoch   271  train_mse_nd=8.2996e-02  test_mse_nd=6.8322e-02  no_improve=137/300  lr=5.13e-04
  epoch   272  train_mse_nd=8.2849e-02  test_mse_nd=6.7912e-02  no_improve=138/300  lr=5.13e-04
  epoch   273  train_mse_nd=8.2748e-02  test_mse_nd=7.0732e-02  no_improve=139/300  lr=5.12e-04
  epoch   274  train_mse_nd=8.3340e-02  test_mse_nd=6.7410e-02  no_improve=140/300  lr=5.12e-04
  epoch   275  train_mse_nd=8.2831e-02  test_mse_nd=6.8773e-02  no_improve=141/300  lr=5.12e-04
  epoch   276  train_mse_nd=8.2946e-02  test_mse_nd=6.8126e-02  no_improve=142/300  lr=5.12e-04
  epoch   277  train_mse_nd=8.2676e-02  test_mse_nd=6.8508e-02  no_improve=143/300  lr=5.11e-04
  epoch   278  train_mse_nd=8.3009e-02  test_mse_nd=6.7801e-02  no_improve=144/300  lr=5.11e-04
  epoch   279  train_mse_nd=8.2415e-02  test_mse_nd=6.9259e-02  no_improve=145/300  lr=5.11e-04
  epoch   280  train_mse_nd=8.2684e-02  test_mse_nd=6.7689e-02  no_improve=146/300  lr=5.10e-04
  epoch   281  train_mse_nd=8.2877e-02  test_mse_nd=6.7074e-02  no_improve=147/300  lr=5.10e-04
  epoch   282  train_mse_nd=8.2651e-02  test_mse_nd=6.9562e-02  no_improve=148/300  lr=5.10e-04
  epoch   283  train_mse_nd=8.2926e-02  test_mse_nd=6.8161e-02  no_improve=149/300  lr=5.10e-04
  epoch   284  train_mse_nd=8.2649e-02  test_mse_nd=6.7678e-02  no_improve=150/300  lr=5.09e-04
  epoch   285  train_mse_nd=8.3064e-02  test_mse_nd=6.8539e-02  no_improve=151/300  lr=5.09e-04
  epoch   286  train_mse_nd=8.2829e-02  test_mse_nd=6.9216e-02  no_improve=152/300  lr=5.09e-04
  epoch   287  train_mse_nd=8.2881e-02  test_mse_nd=6.9710e-02  no_improve=153/300  lr=5.08e-04
  epoch   288  train_mse_nd=8.2853e-02  test_mse_nd=6.8198e-02  no_improve=154/300  lr=5.08e-04
  epoch   289  train_mse_nd=8.2844e-02  test_mse_nd=6.8232e-02  no_improve=155/300  lr=5.08e-04
  epoch   290  train_mse_nd=8.2727e-02  test_mse_nd=6.6788e-02  no_improve=156/300  lr=5.08e-04
  epoch   291  train_mse_nd=8.2667e-02  test_mse_nd=6.8626e-02  no_improve=157/300  lr=5.07e-04
  epoch   292  train_mse_nd=8.2891e-02  test_mse_nd=6.8096e-02  no_improve=158/300  lr=5.07e-04
  epoch   293  train_mse_nd=8.2900e-02  test_mse_nd=6.8054e-02  no_improve=159/300  lr=5.07e-04
  epoch   294  train_mse_nd=8.2631e-02  test_mse_nd=6.8685e-02  no_improve=160/300  lr=5.07e-04
  epoch   295  train_mse_nd=8.2688e-02  test_mse_nd=6.9582e-02  no_improve=161/300  lr=5.06e-04
  epoch   296  train_mse_nd=8.2715e-02  test_mse_nd=6.9225e-02  no_improve=162/300  lr=5.06e-04
  epoch   297  train_mse_nd=8.2910e-02  test_mse_nd=6.6341e-02  no_improve=163/300  lr=5.06e-04
  epoch   298  train_mse_nd=8.2729e-02  test_mse_nd=6.8101e-02  no_improve=164/300  lr=5.05e-04
  epoch   299  train_mse_nd=8.2890e-02  test_mse_nd=6.8419e-02  no_improve=165/300  lr=5.05e-04
  epoch   300  train_mse_nd=8.2532e-02  test_mse_nd=6.6134e-02  no_improve=166/300  lr=5.05e-04
  epoch   301  train_mse_nd=8.2650e-02  test_mse_nd=6.8066e-02  no_improve=167/300  lr=5.05e-04
  epoch   302  train_mse_nd=8.2645e-02  test_mse_nd=6.9046e-02  no_improve=168/300  lr=5.04e-04
  epoch   303  train_mse_nd=8.2559e-02  test_mse_nd=6.8732e-02  no_improve=169/300  lr=5.04e-04
  epoch   304  train_mse_nd=8.2479e-02  test_mse_nd=6.8697e-02  no_improve=170/300  lr=5.04e-04
  epoch   305  train_mse_nd=8.2720e-02  test_mse_nd=6.7244e-02  no_improve=171/300  lr=5.04e-04
  epoch   306  train_mse_nd=8.2675e-02  test_mse_nd=6.9826e-02  no_improve=172/300  lr=5.03e-04
  epoch   307  train_mse_nd=8.2605e-02  test_mse_nd=6.9122e-02  no_improve=173/300  lr=5.03e-04
  epoch   308  train_mse_nd=8.2739e-02  test_mse_nd=6.6331e-02  no_improve=174/300  lr=5.03e-04
  epoch   309  train_mse_nd=8.2573e-02  test_mse_nd=6.7607e-02  no_improve=175/300  lr=5.02e-04
  epoch   310  train_mse_nd=8.2617e-02  test_mse_nd=6.8105e-02  no_improve=176/300  lr=5.02e-04
  epoch   311  train_mse_nd=8.2780e-02  test_mse_nd=7.1333e-02  no_improve=177/300  lr=5.02e-04
  epoch   312  train_mse_nd=8.2650e-02  test_mse_nd=6.8488e-02  no_improve=178/300  lr=5.02e-04
  epoch   313  train_mse_nd=8.2565e-02  test_mse_nd=6.8618e-02  no_improve=179/300  lr=5.01e-04
  epoch   314  train_mse_nd=8.2678e-02  test_mse_nd=6.5946e-02  no_improve=180/300  lr=5.01e-04
  epoch   315  train_mse_nd=8.2756e-02  test_mse_nd=6.8288e-02  no_improve=181/300  lr=5.01e-04
  epoch   316  train_mse_nd=8.2568e-02  test_mse_nd=6.7512e-02  no_improve=182/300  lr=5.01e-04
  epoch   317  train_mse_nd=8.2736e-02  test_mse_nd=6.9406e-02  no_improve=183/300  lr=5.00e-04
  epoch   318  train_mse_nd=8.2575e-02  test_mse_nd=6.8277e-02  no_improve=184/300  lr=5.00e-04
  epoch   319  train_mse_nd=8.2421e-02  test_mse_nd=6.7753e-02  no_improve=185/300  lr=5.00e-04
  epoch   320  train_mse_nd=8.2393e-02  test_mse_nd=6.7292e-02  no_improve=186/300  lr=5.00e-04
  epoch   321  train_mse_nd=8.2721e-02  test_mse_nd=6.7981e-02  no_improve=187/300  lr=4.99e-04
  epoch   322  train_mse_nd=8.2360e-02  test_mse_nd=6.9482e-02  no_improve=188/300  lr=4.99e-04
  epoch   323  train_mse_nd=8.2545e-02  test_mse_nd=6.8524e-02  no_improve=189/300  lr=4.99e-04
  epoch   324  train_mse_nd=8.2689e-02  test_mse_nd=6.7281e-02  no_improve=190/300  lr=4.98e-04
  epoch   325  train_mse_nd=8.2677e-02  test_mse_nd=6.9757e-02  no_improve=191/300  lr=4.98e-04
  epoch   326  train_mse_nd=8.2550e-02  test_mse_nd=6.7462e-02  no_improve=192/300  lr=4.98e-04
  epoch   327  train_mse_nd=8.2580e-02  test_mse_nd=7.0123e-02  no_improve=193/300  lr=4.98e-04
  epoch   328  train_mse_nd=8.2505e-02  test_mse_nd=6.6331e-02  no_improve=194/300  lr=4.97e-04
  epoch   329  train_mse_nd=8.2626e-02  test_mse_nd=6.8835e-02  no_improve=195/300  lr=4.97e-04
  epoch   330  train_mse_nd=8.2379e-02  test_mse_nd=6.8165e-02  no_improve=196/300  lr=4.97e-04
  epoch   331  train_mse_nd=8.2494e-02  test_mse_nd=6.7826e-02  no_improve=197/300  lr=4.97e-04
  epoch   332  train_mse_nd=8.2395e-02  test_mse_nd=6.8195e-02  no_improve=198/300  lr=4.96e-04
  epoch   333  train_mse_nd=8.2532e-02  test_mse_nd=6.5974e-02  no_improve=199/300  lr=4.96e-04
  epoch   334  train_mse_nd=8.2704e-02  test_mse_nd=6.7716e-02  no_improve=200/300  lr=4.96e-04
  epoch   335  train_mse_nd=8.2592e-02  test_mse_nd=6.7878e-02  no_improve=201/300  lr=4.95e-04
  epoch   336  train_mse_nd=8.2308e-02  test_mse_nd=6.7182e-02  no_improve=202/300  lr=4.95e-04
  epoch   337  train_mse_nd=8.2704e-02  test_mse_nd=6.8571e-02  no_improve=203/300  lr=4.95e-04
  epoch   338  train_mse_nd=8.2469e-02  test_mse_nd=6.6168e-02  no_improve=204/300  lr=4.95e-04
  epoch   339  train_mse_nd=8.2385e-02  test_mse_nd=6.7171e-02  no_improve=205/300  lr=4.94e-04
  epoch   340  train_mse_nd=8.2450e-02  test_mse_nd=7.1462e-02  no_improve=206/300  lr=4.94e-04
  epoch   341  train_mse_nd=8.2501e-02  test_mse_nd=6.6681e-02  no_improve=207/300  lr=4.94e-04
  epoch   342  train_mse_nd=8.2488e-02  test_mse_nd=6.8730e-02  no_improve=208/300  lr=4.94e-04
  epoch   343  train_mse_nd=8.2510e-02  test_mse_nd=7.0200e-02  no_improve=209/300  lr=4.93e-04
  epoch   344  train_mse_nd=8.2360e-02  test_mse_nd=6.6824e-02  no_improve=210/300  lr=4.93e-04
  epoch   345  train_mse_nd=8.2531e-02  test_mse_nd=6.7959e-02  no_improve=211/300  lr=4.93e-04
  epoch   346  train_mse_nd=8.2342e-02  test_mse_nd=6.9103e-02  no_improve=212/300  lr=4.93e-04
  epoch   347  train_mse_nd=8.2433e-02  test_mse_nd=6.8507e-02  no_improve=213/300  lr=4.92e-04
  epoch   348  train_mse_nd=8.2231e-02  test_mse_nd=6.8072e-02  no_improve=214/300  lr=4.92e-04
  epoch   349  train_mse_nd=8.2424e-02  test_mse_nd=6.9939e-02  no_improve=215/300  lr=4.92e-04
  epoch   350  train_mse_nd=8.2416e-02  test_mse_nd=6.8694e-02  no_improve=216/300  lr=4.92e-04
  epoch   351  train_mse_nd=8.2348e-02  test_mse_nd=6.6156e-02  no_improve=217/300  lr=4.91e-04
  epoch   352  train_mse_nd=8.2368e-02  test_mse_nd=6.8701e-02  no_improve=218/300  lr=4.91e-04
  epoch   353  train_mse_nd=8.2369e-02  test_mse_nd=6.9113e-02  no_improve=219/300  lr=4.91e-04
  epoch   354  train_mse_nd=8.2341e-02  test_mse_nd=6.7907e-02  no_improve=220/300  lr=4.90e-04
  epoch   355  train_mse_nd=8.2333e-02  test_mse_nd=6.6407e-02  no_improve=221/300  lr=4.90e-04
  epoch   356  train_mse_nd=8.2280e-02  test_mse_nd=6.9846e-02  no_improve=222/300  lr=4.90e-04
  epoch   357  train_mse_nd=8.2247e-02  test_mse_nd=6.7267e-02  no_improve=223/300  lr=4.90e-04
  epoch   358  train_mse_nd=8.2396e-02  test_mse_nd=6.8081e-02  no_improve=224/300  lr=4.89e-04
  epoch   359  train_mse_nd=8.2057e-02  test_mse_nd=6.6765e-02  no_improve=225/300  lr=4.89e-04
  epoch   360  train_mse_nd=8.2504e-02  test_mse_nd=6.7989e-02  no_improve=226/300  lr=4.89e-04
  epoch   361  train_mse_nd=8.2340e-02  test_mse_nd=6.8276e-02  no_improve=227/300  lr=4.89e-04
  epoch   362  train_mse_nd=8.2456e-02  test_mse_nd=6.8801e-02  no_improve=228/300  lr=4.88e-04
  epoch   363  train_mse_nd=8.2341e-02  test_mse_nd=6.6766e-02  no_improve=229/300  lr=4.88e-04
  epoch   364  train_mse_nd=8.2304e-02  test_mse_nd=6.7860e-02  no_improve=230/300  lr=4.88e-04
  epoch   365  train_mse_nd=8.2302e-02  test_mse_nd=6.8309e-02  no_improve=231/300  lr=4.88e-04
  epoch   366  train_mse_nd=8.2458e-02  test_mse_nd=6.9828e-02  no_improve=232/300  lr=4.87e-04
  epoch   367  train_mse_nd=8.2244e-02  test_mse_nd=6.6076e-02  no_improve=233/300  lr=4.87e-04
  epoch   368  train_mse_nd=8.2255e-02  test_mse_nd=6.7724e-02  no_improve=234/300  lr=4.87e-04
  epoch   369  train_mse_nd=8.2226e-02  test_mse_nd=6.6810e-02  no_improve=235/300  lr=4.86e-04
  epoch   370  train_mse_nd=8.2207e-02  test_mse_nd=6.7144e-02  no_improve=236/300  lr=4.86e-04
  epoch   371  train_mse_nd=8.2424e-02  test_mse_nd=6.9709e-02  no_improve=237/300  lr=4.86e-04
  epoch   372  train_mse_nd=8.2274e-02  test_mse_nd=6.7243e-02  no_improve=238/300  lr=4.86e-04
  epoch   373  train_mse_nd=8.2312e-02  test_mse_nd=6.5825e-02  no_improve=239/300  lr=4.85e-04
  epoch   374  train_mse_nd=8.2313e-02  test_mse_nd=6.8786e-02  no_improve=240/300  lr=4.85e-04
  epoch   375  train_mse_nd=8.2009e-02  test_mse_nd=6.7159e-02  no_improve=241/300  lr=4.85e-04
  epoch   376  train_mse_nd=8.2105e-02  test_mse_nd=7.0892e-02  no_improve=242/300  lr=4.85e-04
  epoch   377  train_mse_nd=8.2253e-02  test_mse_nd=7.0151e-02  no_improve=243/300  lr=4.84e-04
  epoch   378  train_mse_nd=8.2322e-02  test_mse_nd=6.8447e-02  no_improve=244/300  lr=4.84e-04
  epoch   379  train_mse_nd=8.2341e-02  test_mse_nd=6.7738e-02  no_improve=245/300  lr=4.84e-04
  epoch   380  train_mse_nd=8.2252e-02  test_mse_nd=6.6228e-02  no_improve=246/300  lr=4.84e-04
  epoch   381  train_mse_nd=8.2130e-02  test_mse_nd=6.9629e-02  no_improve=247/300  lr=4.83e-04
  epoch   382  train_mse_nd=8.2451e-02  test_mse_nd=6.7360e-02  no_improve=248/300  lr=4.83e-04
  epoch   383  train_mse_nd=8.2133e-02  test_mse_nd=6.7659e-02  no_improve=249/300  lr=4.83e-04
  epoch   384  train_mse_nd=8.2062e-02  test_mse_nd=6.6261e-02  no_improve=250/300  lr=4.83e-04
  epoch   385  train_mse_nd=8.2281e-02  test_mse_nd=6.8085e-02  no_improve=251/300  lr=4.82e-04
  epoch   386  train_mse_nd=8.2317e-02  test_mse_nd=6.8514e-02  no_improve=252/300  lr=4.82e-04
  epoch   387  train_mse_nd=8.2180e-02  test_mse_nd=6.7582e-02  no_improve=253/300  lr=4.82e-04
  epoch   388  train_mse_nd=8.2129e-02  test_mse_nd=6.8074e-02  no_improve=254/300  lr=4.82e-04
  epoch   389  train_mse_nd=8.2277e-02  test_mse_nd=6.8304e-02  no_improve=255/300  lr=4.81e-04
  epoch   390  train_mse_nd=8.2048e-02  test_mse_nd=7.0043e-02  no_improve=256/300  lr=4.81e-04
  epoch   391  train_mse_nd=8.2158e-02  test_mse_nd=6.8473e-02  no_improve=257/300  lr=4.81e-04
  epoch   392  train_mse_nd=8.2103e-02  test_mse_nd=6.9847e-02  no_improve=258/300  lr=4.81e-04
  epoch   393  train_mse_nd=8.2516e-02  test_mse_nd=6.8304e-02  no_improve=259/300  lr=4.80e-04
  epoch   394  train_mse_nd=8.2217e-02  test_mse_nd=6.8650e-02  no_improve=260/300  lr=4.80e-04
  epoch   395  train_mse_nd=8.2138e-02  test_mse_nd=6.7753e-02  no_improve=261/300  lr=4.80e-04
  epoch   396  train_mse_nd=8.2124e-02  test_mse_nd=6.7841e-02  no_improve=262/300  lr=4.79e-04
  epoch   397  train_mse_nd=8.2138e-02  test_mse_nd=7.0366e-02  no_improve=263/300  lr=4.79e-04
  epoch   398  train_mse_nd=8.2057e-02  test_mse_nd=6.7531e-02  no_improve=264/300  lr=4.79e-04
  epoch   399  train_mse_nd=8.2197e-02  test_mse_nd=6.8108e-02  no_improve=265/300  lr=4.79e-04
  epoch   400  train_mse_nd=8.2060e-02  test_mse_nd=6.8501e-02  no_improve=266/300  lr=4.78e-04
  epoch   401  train_mse_nd=8.2010e-02  test_mse_nd=6.6674e-02  no_improve=267/300  lr=4.78e-04
  epoch   402  train_mse_nd=8.2275e-02  test_mse_nd=6.7918e-02  no_improve=268/300  lr=4.78e-04
  epoch   403  train_mse_nd=8.2220e-02  test_mse_nd=6.8219e-02  no_improve=269/300  lr=4.78e-04
  epoch   404  train_mse_nd=8.2149e-02  test_mse_nd=6.8662e-02  no_improve=270/300  lr=4.77e-04
  epoch   405  train_mse_nd=8.2123e-02  test_mse_nd=6.7378e-02  no_improve=271/300  lr=4.77e-04
  epoch   406  train_mse_nd=8.2026e-02  test_mse_nd=6.9245e-02  no_improve=272/300  lr=4.77e-04
  epoch   407  train_mse_nd=8.2160e-02  test_mse_nd=6.5833e-02  no_improve=273/300  lr=4.77e-04
  epoch   408  train_mse_nd=8.2007e-02  test_mse_nd=6.9433e-02  no_improve=274/300  lr=4.76e-04
  epoch   409  train_mse_nd=8.2089e-02  test_mse_nd=6.6277e-02  no_improve=275/300  lr=4.76e-04
  epoch   410  train_mse_nd=8.2045e-02  test_mse_nd=6.7073e-02  no_improve=276/300  lr=4.76e-04
  epoch   411  train_mse_nd=8.1874e-02  test_mse_nd=6.9937e-02  no_improve=277/300  lr=4.76e-04
  epoch   412  train_mse_nd=8.2164e-02  test_mse_nd=6.8049e-02  no_improve=278/300  lr=4.75e-04
  epoch   413  train_mse_nd=8.2055e-02  test_mse_nd=6.7270e-02  no_improve=279/300  lr=4.75e-04
  epoch   414  train_mse_nd=8.1987e-02  test_mse_nd=6.8121e-02  no_improve=280/300  lr=4.75e-04
  epoch   415  train_mse_nd=8.1930e-02  test_mse_nd=6.9724e-02  no_improve=281/300  lr=4.75e-04
  epoch   416  train_mse_nd=8.1959e-02  test_mse_nd=7.0584e-02  no_improve=282/300  lr=4.74e-04
  epoch   417  train_mse_nd=8.1982e-02  test_mse_nd=6.8312e-02  no_improve=283/300  lr=4.74e-04
  epoch   418  train_mse_nd=8.2279e-02  test_mse_nd=6.8812e-02  no_improve=284/300  lr=4.74e-04
  epoch   419  train_mse_nd=8.2332e-02  test_mse_nd=6.7670e-02  no_improve=285/300  lr=4.74e-04
  epoch   420  train_mse_nd=8.2077e-02  test_mse_nd=7.1217e-02  no_improve=286/300  lr=4.73e-04
  epoch   421  train_mse_nd=8.2052e-02  test_mse_nd=6.7171e-02  no_improve=287/300  lr=4.73e-04
  epoch   422  train_mse_nd=8.2203e-02  test_mse_nd=6.9450e-02  no_improve=288/300  lr=4.73e-04
  epoch   423  train_mse_nd=8.2033e-02  test_mse_nd=6.8132e-02  no_improve=289/300  lr=4.73e-04
  epoch   424  train_mse_nd=8.2002e-02  test_mse_nd=6.9501e-02  no_improve=290/300  lr=4.72e-04
  epoch   425  train_mse_nd=8.2165e-02  test_mse_nd=7.0359e-02  no_improve=291/300  lr=4.72e-04
  epoch   426  train_mse_nd=8.2018e-02  test_mse_nd=6.7199e-02  no_improve=292/300  lr=4.72e-04
  epoch   427  train_mse_nd=8.1938e-02  test_mse_nd=6.8702e-02  no_improve=293/300  lr=4.72e-04
  epoch   428  train_mse_nd=8.2091e-02  test_mse_nd=6.8945e-02  no_improve=294/300  lr=4.71e-04
  epoch   429  train_mse_nd=8.2086e-02  test_mse_nd=6.9662e-02  no_improve=295/300  lr=4.71e-04
  epoch   430  train_mse_nd=8.1986e-02  test_mse_nd=6.8494e-02  no_improve=296/300  lr=4.71e-04
  epoch   431  train_mse_nd=8.2052e-02  test_mse_nd=6.8521e-02  no_improve=297/300  lr=4.71e-04
  epoch   432  train_mse_nd=8.1808e-02  test_mse_nd=6.6942e-02  no_improve=298/300  lr=4.70e-04
  epoch   433  train_mse_nd=8.2018e-02  test_mse_nd=6.6491e-02  no_improve=299/300  lr=4.70e-04
  epoch   434  train_mse_nd=8.2010e-02  test_mse_nd=6.8099e-02  no_improve=300/300  lr=4.70e-04

Early stop at epoch 434  (best test_mse_nd=6.4894e-02)

Model saved  (early stop)

Generating train plots (5 DPs)…
  dp00    RMSE=1346.00 W/m²  R²=0.8525
  Saved ../qpp_mlp_sweep_runs/enim31rb/trial_4/qpp_train_dp00.png
  dp10    RMSE=2305.42 W/m²  R²=0.9261
  Saved ../qpp_mlp_sweep_runs/enim31rb/trial_4/qpp_train_dp10.png
  dp19    RMSE=1034.44 W/m²  R²=0.6929
  Saved ../qpp_mlp_sweep_runs/enim31rb/trial_4/qpp_train_dp19.png
  dp29    RMSE=2098.88 W/m²  R²=0.8318
  Saved ../qpp_mlp_sweep_runs/enim31rb/trial_4/qpp_train_dp29.png
  dp39    RMSE=832.85 W/m²  R²=0.8572
  Saved ../qpp_mlp_sweep_runs/enim31rb/trial_4/qpp_train_dp39.png

Generating test plots (10 DPs)…
  dp05    RMSE=2191.31 W/m²  R²=0.5553
  Saved ../qpp_mlp_sweep_runs/enim31rb/trial_4/qpp_test_dp05.png
  dp07    RMSE=445.10 W/m²  R²=0.8636
  Saved ../qpp_mlp_sweep_runs/enim31rb/trial_4/qpp_test_dp07.png
  dp17    RMSE=903.13 W/m²  R²=0.4206
  Saved ../qpp_mlp_sweep_runs/enim31rb/trial_4/qpp_test_dp17.png
  dp23    RMSE=1654.71 W/m²  R²=0.9043
  Saved ../qpp_mlp_sweep_runs/enim31rb/trial_4/qpp_test_dp23.png
  dp27    RMSE=1062.95 W/m²  R²=0.7569
  Saved ../qpp_mlp_sweep_runs/enim31rb/trial_4/qpp_test_dp27.png
  dp34    RMSE=1178.56 W/m²  R²=0.8328
  Saved ../qpp_mlp_sweep_runs/enim31rb/trial_4/qpp_test_dp34.png
  dp38    RMSE=1452.58 W/m²  R²=0.8800
  Saved ../qpp_mlp_sweep_runs/enim31rb/trial_4/qpp_test_dp38.png
  dp46    RMSE=577.45 W/m²  R²=0.8260
  Saved ../qpp_mlp_sweep_runs/enim31rb/trial_4/qpp_test_dp46.png
  dp48    RMSE=2052.00 W/m²  R²=0.7926
  Saved ../qpp_mlp_sweep_runs/enim31rb/trial_4/qpp_test_dp48.png
  dp50    RMSE=3112.28 W/m²  R²=0.8640
  Saved ../qpp_mlp_sweep_runs/enim31rb/trial_4/qpp_test_dp50.png
wandb: updating run metadata
wandb: uploading summary, console lines 464-474; uploading output.log; uploading wandb-summary.json
wandb: uploading summary, console lines 464-474
wandb: uploading data
wandb: 
wandb: Run summary:
wandb: best_test_mse_nd 0.06489
wandb:            epoch 434
wandb:               lr 0.00047
wandb:      test_mse_nd 0.0681
wandb:     train_mse_nd 0.08201
wandb: 
wandb:  View run trial_4 at: https://wandb.ai/romain-corbel-epfl/QPP_MLP/runs/oq9c7556
wandb:  View project at: https://wandb.ai/romain-corbel-epfl/QPP_MLP
wandb: Synced 5 W&B file(s), 0 media file(s), 0 artifact file(s) and 0 other file(s)
wandb: Find logs at: ./wandb/run-20260623_135334-oq9c7556/logs

Done.
