Log → ../HTC_pred/compute_htc.log
PINN loaded  h=128  l=6  in=10
MLP  loaded  h=128  l=8  in=9  q'' mean=-6862.5  std=5799.7 W/m²

────────────────────────────────────────────────────────────
dp102  AR=9.008373  Re=187015
  T_WALL=293.17 K  T_inlet=330.35 K  ΔT=37.18 K  (from CFD BCs, same as training)
  V_IN=49.109 m/s  P_REF=85069 Pa  P_SCALE=33346.5 Pa
  PINN inference done  (9,864,966 pts)  [14.0s]
  ε_θ  = 26.77 %
  ε_p  = 8.34 %
  ε_vx = 39.06 %
  177,838 pts selected near T-planes
  T_pl_cfd (K): Tin=329.99 | T5 (end P1)=315.77 | T6 (start P2)=311.60 | T10 (end P2)=306.17 | T11 (start P3)=303.85 | Tout=300.28
  T_pl_pinn(K): Tin=329.98 | T5 (end P1)=311.76 | T6 (start P2)=307.37 | T10 (end P2)=303.23 | T11 (start P3)=301.26 | Tout=299.52
  MLP q'' inference  (18,231 pts)  [1018ms]
  q'' RMSE=2063.9 W/m²  (n=18,231)

  sec               n       RMSE        R²
  ────────────────────────────────────────
  HTC1 Pass 1     5136      122.9    0.2030
         Nu_norm  CFD=1.856  PINN=2.076  ε=19.6%
  HTC2 Top Bend   2575      169.7   -0.5836
         Nu_norm  CFD=1.427  PINN=1.998  ε=41.3%
  HTC3 Pass 2     4003      268.9   -0.1236
         Nu_norm  CFD=2.285  PINN=2.865  ε=38.1%
  HTC4 Bottom Bend   2343      217.1   -0.8265
         Nu_norm  CFD=1.630  PINN=2.366  ε=45.9%
  HTC5 Pass 3     4857      200.9    0.0532
         Nu_norm  CFD=2.743  PINN=3.287  ε=22.9%
  ε_Nu = 29.56 %

  Saved → ../HTC_pred/dp102/  [inference: 15.1s  total: 22.4s]

────────────────────────────────────────────────────────────
dp103  AR=4.255637  Re=25922
  T_WALL=293.21 K  T_inlet=329.87 K  ΔT=36.67 K  (from CFD BCs, same as training)
  V_IN=8.601 m/s  P_REF=83501 Pa  P_SCALE=162.6 Pa
  PINN inference done  (9,675,823 pts)  [13.7s]
  ε_θ  = 21.63 %
  ε_p  = 6.52 %
  ε_vx = 31.00 %
  174,851 pts selected near T-planes
  T_pl_cfd (K): Tin=329.81 | T5 (end P1)=317.45 | T6 (start P2)=313.15 | T10 (end P2)=307.83 | T11 (start P3)=305.29 | Tout=301.30
  T_pl_pinn(K): Tin=329.43 | T5 (end P1)=313.82 | T6 (start P2)=311.08 | T10 (end P2)=305.89 | T11 (start P3)=303.58 | Tout=301.58
  MLP q'' inference  (7,648 pts)  [2ms]
  q'' RMSE=614.3 W/m²  (n=7,648)

  sec               n       RMSE        R²
  ────────────────────────────────────────
  HTC1 Pass 1     2129       37.7   -1.6287
         Nu_norm  CFD=2.440  PINN=3.410  ε=45.2%
  HTC2 Top Bend   1216       43.6   -2.3109
         Nu_norm  CFD=2.072  PINN=3.191  ε=63.3%
  HTC3 Pass 2     1736       62.0   -4.2394
         Nu_norm  CFD=2.703  PINN=4.360  ε=70.9%
  HTC4 Bottom Bend   1171       34.4   -0.5178
         Nu_norm  CFD=2.364  PINN=3.074  ε=43.5%
  HTC5 Pass 3     1905       38.7   -0.9256
         Nu_norm  CFD=2.861  PINN=2.958  ε=37.2%
  ε_Nu = 50.89 %

  Saved → ../HTC_pred/dp103/  [inference: 13.7s  total: 19.3s]

────────────────────────────────────────────────────────────
dp104  AR=13.79748  Re=98254
  T_WALL=293.16 K  T_inlet=327.69 K  ΔT=34.53 K  (from CFD BCs, same as training)
  V_IN=49.105 m/s  P_REF=84937 Pa  P_SCALE=20866.6 Pa
  PINN inference done  (9,840,930 pts)  [13.7s]
  ε_θ  = 21.87 %
  ε_p  = 5.48 %
  ε_vx = 30.58 %
  177,798 pts selected near T-planes
  T_pl_cfd (K): Tin=327.64 | T5 (end P1)=307.67 | T6 (start P2)=304.11 | T10 (end P2)=299.03 | T11 (start P3)=297.75 | Tout=295.48
  T_pl_pinn(K): Tin=327.25 | T5 (end P1)=305.71 | T6 (start P2)=302.43 | T10 (end P2)=298.10 | T11 (start P3)=296.31 | Tout=295.50
  MLP q'' inference  (116,556 pts)  [19ms]
  q'' RMSE=1922.9 W/m²  (n=116,556)

  sec               n       RMSE        R²
  ────────────────────────────────────────
  HTC1 Pass 1    33713      160.5    0.1889
         Nu_norm  CFD=1.891  PINN=2.210  ε=28.6%
  HTC2 Top Bend  14433      172.2   -0.3143
         Nu_norm  CFD=1.440  PINN=1.990  ε=41.5%
  HTC3 Pass 2    25960      430.1    0.0106
         Nu_norm  CFD=2.698  PINN=3.281  ε=53.0%
  HTC4 Bottom Bend  13097      293.6   -1.6730
         Nu_norm  CFD=1.748  PINN=2.712  ε=58.4%
  HTC5 Pass 3    30907      295.7    0.2091
         Nu_norm  CFD=3.267  PINN=3.974  ε=32.0%
  ε_Nu = 39.37 %

  Saved → ../HTC_pred/dp104/  [inference: 13.7s  total: 24.9s]

────────────────────────────────────────────────────────────
dp105  AR=10.43976  Re=142571
  T_WALL=293.23 K  T_inlet=329.56 K  ΔT=36.33 K  (from CFD BCs, same as training)
  V_IN=72.214 m/s  P_REF=85250 Pa  P_SCALE=12286.4 Pa
  PINN inference done  (9,866,755 pts)  [13.6s]
  ε_θ  = 19.87 %
  ε_p  = 10.80 %
  ε_vx = 28.87 %
  177,851 pts selected near T-planes
  T_pl_cfd (K): Tin=329.46 | T5 (end P1)=316.77 | T6 (start P2)=311.67 | T10 (end P2)=306.81 | T11 (start P3)=304.08 | Tout=300.80
  T_pl_pinn(K): Tin=329.43 | T5 (end P1)=313.43 | T6 (start P2)=309.24 | T10 (end P2)=304.49 | T11 (start P3)=302.55 | Tout=299.73
  MLP q'' inference  (95,759 pts)  [16ms]
  q'' RMSE=1976.2 W/m²  (n=95,759)

  sec               n       RMSE        R²
  ────────────────────────────────────────
  HTC1 Pass 1    27557      104.2    0.1759
         Nu_norm  CFD=1.554  PINN=1.865  ε=22.6%
  HTC2 Top Bend  11856      161.0   -1.4657
         Nu_norm  CFD=1.580  PINN=2.059  ε=33.5%
  HTC3 Pass 2    21494      243.8    0.2545
         Nu_norm  CFD=2.156  PINN=2.655  ε=39.7%
  HTC4 Bottom Bend  10635      158.4   -0.5917
         Nu_norm  CFD=1.819  PINN=2.329  ε=31.0%
  HTC5 Pass 3    25592      208.1   -0.1770
         Nu_norm  CFD=2.456  PINN=3.153  ε=29.5%
  ε_Nu = 30.99 %

  Saved → ../HTC_pred/dp105/  [inference: 13.7s  total: 24.0s]
  Saved → ../HTC_pred/T_field.png
  Saved → ../HTC_pred/p_field.png
  Saved → ../HTC_pred/vx_field.png

──────────────────────────────────────────────────
Quantity          dp102    dp103    dp104    dp105
──────────────────────────────────────────────────
Temperature       26.77    21.63    21.87    19.87
Pressure           8.34     6.52     5.48    10.80
Vx                39.06    31.00    30.58    28.87
Nu_norm           29.56    50.89    39.37    30.99
──────────────────────────────────────────────────

  ε table → ../HTC_pred/epsilon_table.csv
  Saved → ../HTC_pred/qpp_field.png
  Saved → ../HTC_pred/HTC_field.png
  Saved → ../HTC_pred/Nu_field.png

─────────────────────────────────────────────────────────────────────────────────────────────────────────────────────────────────────────────────
DP        Section           CFD Nu   PINN Nu  e_Nu (%)   CFD q''  PINN q'' e_q'' (%)  T_in CFD T_in PINNe_T_in (%) T_out CFDT_out PINNe_T_out (%)
─────────────────────────────────────────────────────────────────────────────────────────────────────────────────────────────────────────────────
dp102     Pass 1             1.856     2.076     19.60   13202.3   14500.9      9.84    329.99    329.98      0.00    315.77    311.76      1.27
dp102     Pass 2             2.285     2.865     38.13    7453.3    9062.2     21.59    311.60    307.37      1.36    306.17    303.23      0.96
dp102     Pass 3             2.743     3.287     22.90    5146.0    6188.9     20.27    303.85    301.26      0.85    300.28    299.52      0.25
dp102     Top Bend           1.427     1.998     41.29    6086.2    8481.6     39.36    315.77    311.76      1.27    311.60    307.37      1.36
dp102     Bottom Bend        1.630     2.366     45.88    3851.1    5595.9     45.31    306.17    303.23      0.96    303.85    301.26      0.85
─────────────────────────────────────────────────────────────────────────────────────────────────────────────────────────────────────────────────
dp103     Pass 1             2.440     3.410     45.23    1860.7    2556.2     37.38    329.81    329.43      0.12    317.45    313.82      1.14
dp103     Pass 2             2.703     4.360     70.87    1169.0    1830.0     56.55    313.15    311.08      0.66    307.83    305.89      0.63
dp103     Pass 3             2.861     2.958     37.22     748.3     789.0      5.43    305.29    303.58      0.56    301.30    301.58      0.09
dp103     Top Bend           2.072     3.191     63.29    1105.5    1707.4     54.44    317.45    313.82      1.14    313.15    311.08      0.66
dp103     Bottom Bend        2.364     3.074     43.47     765.2    1004.0     31.21    307.83    305.89      0.63    305.29    303.58      0.56
─────────────────────────────────────────────────────────────────────────────────────────────────────────────────────────────────────────────────
dp104     Pass 1             1.891     2.210     28.56    9946.0   11260.0     13.21    327.64    327.25      0.12    307.67    305.71      0.64
dp104     Pass 2             2.698     3.281     52.98    4808.9    5364.5     11.55    304.11    302.43      0.56    299.03    298.10      0.31
dp104     Pass 3             3.267     3.974     32.01    2052.7    2539.0     23.69    297.75    296.31      0.49    295.48    295.50      0.01
dp104     Top Bend           1.440     1.990     41.49    3634.8    5022.6     38.18    307.67    305.71      0.64    304.11    302.43      0.56
dp104     Bottom Bend        1.748     2.712     58.40    1642.5    2529.0     53.97    299.03    298.10      0.31    297.75    296.31      0.49
─────────────────────────────────────────────────────────────────────────────────────────────────────────────────────────────────────────────────
dp105     Pass 1             1.554     1.865     22.60   10429.0   12478.8     19.65    329.46    329.43      0.01    316.77    313.43      1.06
dp105     Pass 2             2.156     2.655     39.71    7296.5    8738.6     19.77    311.67    309.24      0.78    306.81    304.49      0.76
dp105     Pass 3             2.456     3.153     29.48    4695.1    6033.6     28.51    304.08    302.55      0.50    300.80    299.73      0.35
dp105     Top Bend           1.580     2.059     33.52    6835.4    8863.8     29.68    316.77    313.43      1.06    311.67    309.24      0.78
dp105     Bottom Bend        1.819     2.329     31.04    4486.3    5740.2     27.95    306.81    304.49      0.76    304.08    302.55      0.50
─────────────────────────────────────────────────────────────────────────────────────────────────────────────────────────────────────────────────

  Nu_norm section table → ../HTC_pred/Nu_section_table.csv
